
=== E10  power audit + signGD grid fix ===
  signGD width D (alpha_A=1, wide grid): UNDER-POWERED (optimum on grid edge)   drift 0.303 dec, lr* sem 0.080, threshold 0.226
    dial |  3.2e-05  7.7e-05  1.9e-04  4.6e-04  1.1e-03  2.8e-03  6.8e-03  1.7e-02  4.1e-02  1.0e-01   argmin
      32 |    0.453     0.45    0.443    0.425    0.379    0.248   0.0189  0.00603  0.00879   0.0163   10^-1.69
      64 |    0.474    0.472    0.465    0.449     0.41    0.295   0.0261   0.0107    0.011   0.0194   10^-1.39
     128 |    0.466    0.464    0.458    0.443    0.403    0.278   0.0213    0.013    0.013   0.0251   10^-1.50
     256 |    0.454    0.451    0.444    0.427    0.383    0.244     0.02   0.0136   0.0116   0.0325   10^-1.54
  signGD depth L (alpha_A=1, wide grid): UNDER-POWERED (optimum on grid edge)   drift 0.278 dec, lr* sem 0.083, threshold 0.234
    dial |  3.2e-05  7.7e-05  1.9e-04  4.6e-04  1.1e-03  2.8e-03  6.8e-03  1.7e-02  4.1e-02  1.0e-01   argmin
       2 |    0.443     0.44    0.432    0.413    0.363    0.218   0.0171  0.00505  0.00765   0.0214   10^-1.66
       3 |    0.474    0.472    0.465    0.449     0.41    0.295   0.0261   0.0107    0.011   0.0194   10^-1.39
       4 |    0.447    0.444    0.438    0.423    0.387    0.263   0.0216   0.0114   0.0104   0.0266   10^-1.57
       6 |    0.456    0.454    0.449    0.436    0.403    0.302   0.0253    0.013   0.0116   0.0148   10^-1.43
  POWER-CTL V/O rate x sqrt(D), width D (SGD): FAILS   drift 0.620 dec, lr* sem 0.059, threshold 0.166
    dial |  1.0e-03  2.8e-03  7.7e-03  2.2e-02  6.0e-02  1.7e-01  4.6e-01  1.3e+00  3.6e+00  1.0e+01   argmin
      32 |    0.441    0.425    0.385    0.243   0.0273   0.0263   0.0995      inf      inf      inf   10^-0.97
      64 |    0.467    0.451    0.415    0.239   0.0325   0.0264      inf      inf      inf      inf   10^-0.78
     128 |    0.451     0.43    0.368   0.0494   0.0257   0.0341      inf      inf      inf      inf   10^-1.06
     256 |    0.442    0.415    0.302   0.0324   0.0338      inf      inf      inf      inf      inf   10^-1.40
  POWER-CTL paper §2.4 sigma_L+1=1, width D (signGD): TRANSFERS (residual drift resolved but < 0.30 dec)   drift 0.110 dec, lr* sem 0.021, threshold 0.058
    dial |  3.2e-05  7.7e-05  1.9e-04  4.6e-04  1.1e-03  2.8e-03  6.8e-03  1.7e-02  4.1e-02  1.0e-01   argmin
      32 |    0.451    0.448    0.443    0.428    0.389    0.262   0.0215  0.00701  0.00996   0.0228   10^-1.67
      64 |    0.455    0.453    0.447    0.429    0.383     0.24   0.0194  0.00996   0.0105   0.0311   10^-1.61
     128 |    0.452    0.449    0.442    0.425    0.381    0.239   0.0195   0.0122   0.0116   0.0382   10^-1.58
     256 |    0.453    0.451    0.444    0.428    0.386     0.25     0.02   0.0137   0.0127   0.0399   10^-1.56
  -> wrote E10-power-audit.json
