
=== E11  signGD width/depth, straddling grid ===
  signGD width D (alpha_A=1, straddling): FAILS   drift 1.141 dec, lr* sem 0.143, threshold 0.403
    dial |  3.2e-04  6.6e-04  1.4e-03  2.8e-03  5.9e-03  1.2e-02  2.6e-02  5.3e-02  1.1e-01  2.3e-01  4.8e-01  1.0e+00   argmin
      32 |    0.434    0.412    0.362    0.242   0.0286  0.00789    0.006   0.0128   0.0169   0.0196   0.0167     0.24   10^-1.69
      64 |    0.458    0.438    0.397    0.289   0.0432   0.0131  0.00957   0.0115   0.0248   0.0133   0.0114    0.243   10^-1.02
     128 |    0.451    0.432    0.388    0.272    0.034    0.014   0.0116   0.0143   0.0412  0.00569    0.011    0.122   10^-0.69
     256 |    0.436    0.415    0.366    0.237    0.025   0.0145   0.0127    0.016   0.0362  0.00406  0.00804    0.129   10^-0.55
  signGD depth L (alpha_A=1, straddling): FAILS   drift 1.033 dec, lr* sem 0.159, threshold 0.449
    dial |  3.2e-04  6.6e-04  1.4e-03  2.8e-03  5.9e-03  1.2e-02  2.6e-02  5.3e-02  1.1e-01  2.3e-01  4.8e-01  1.0e+00   argmin
       2 |    0.423    0.399    0.345    0.211   0.0246  0.00704   0.0048  0.00972   0.0175  0.00756   0.0177     0.16   10^-1.65
       3 |    0.458    0.438    0.397    0.289   0.0432   0.0131  0.00957   0.0115   0.0248   0.0133   0.0114    0.243   10^-1.02
       4 |    0.431    0.413    0.372    0.257    0.032   0.0134   0.0101   0.0159   0.0184  0.00825   0.0145    0.096   10^-1.05
       6 |    0.443    0.427    0.392    0.297   0.0434   0.0145   0.0109   0.0127   0.0431  0.00909   0.0119    0.111   10^-0.61
  signGD heads H (alpha_A=1, straddling): TRANSFERS   drift 0.160 dec, lr* sem 0.151, threshold 0.427
    dial |  3.2e-04  6.6e-04  1.4e-03  2.8e-03  5.9e-03  1.2e-02  2.6e-02  5.3e-02  1.1e-01  2.3e-01  4.8e-01  1.0e+00   argmin
       1 |    0.451    0.432    0.388    0.272   0.0352   0.0165   0.0152   0.0174   0.0449  0.00922   0.0184    0.118   10^-0.75
       2 |    0.451    0.432    0.388    0.272   0.0346   0.0154   0.0141   0.0158   0.0413  0.00955   0.0147    0.113   10^-0.59
       4 |    0.451    0.432    0.388    0.272    0.034    0.014   0.0116   0.0143   0.0412  0.00569    0.011    0.122   10^-0.69
       8 |    0.451    0.432    0.387     0.27   0.0327   0.0116  0.00841   0.0119   0.0367  0.00623   0.0102    0.103   10^-0.73
  -> wrote E11-signgd-transfer.json
