
=== E12  signGD transfer, FINAL-loss estimator ===
  signGD width D (final loss): UNDER-POWERED (lr* too noisy to resolve)   drift 0.342 dec, lr* sem 0.264, threshold 0.746
    dial |  3.2e-04  7.4e-04  1.7e-03  4.0e-03  9.3e-03  2.2e-02  5.0e-02  1.2e-01  2.7e-01  6.3e-01   argmin
      32 |    0.435    0.416    0.369    0.236   0.0213    0.013   0.0189   0.0728   0.0503    0.283   10^-1.42
      64 |    0.464    0.448     0.41    0.303   0.0397   0.0195   0.0257   0.0572   0.0436    0.752   10^-1.34
     128 |     0.45    0.434    0.394    0.277   0.0281   0.0192    0.029   0.0764   0.0279    0.661   10^-1.13
     256 |    0.445    0.428    0.387    0.266   0.0244   0.0201    0.032    0.063    0.076    0.354   10^-1.47
  signGD depth L (final loss): TRANSFERS   drift 0.390 dec, lr* sem 0.219, threshold 0.618
    dial |  3.2e-04  7.4e-04  1.7e-03  4.0e-03  9.3e-03  2.2e-02  5.0e-02  1.2e-01  2.7e-01  6.3e-01   argmin
       2 |    0.424    0.403    0.353     0.22   0.0208   0.0109   0.0165    0.067   0.0224    0.574   10^-1.63
       3 |    0.464    0.448     0.41    0.303   0.0397   0.0195   0.0257   0.0572   0.0436    0.752   10^-1.34
       4 |     0.44    0.426    0.389    0.277   0.0285   0.0188   0.0316   0.0866   0.0295    0.243   10^-1.43
       6 |    0.451    0.439     0.41    0.317   0.0381   0.0197   0.0183    0.114   0.0451   0.0887   10^-1.24
  signGD heads H (final loss): TRANSFERS   drift 0.547 dec, lr* sem 0.223, threshold 0.631
    dial |  3.2e-04  7.4e-04  1.7e-03  4.0e-03  9.3e-03  2.2e-02  5.0e-02  1.2e-01  2.7e-01  6.3e-01   argmin
       1 |    0.449    0.434    0.394    0.278    0.029   0.0213   0.0317   0.0861   0.0885     1.64   10^-1.68
       2 |    0.449    0.434    0.394    0.278   0.0286   0.0206   0.0303   0.0793   0.0804    0.437   10^-1.48
       4 |     0.45    0.434    0.394    0.277   0.0281   0.0192    0.029   0.0764   0.0279    0.661   10^-1.13
       8 |     0.45    0.435    0.394    0.276   0.0268   0.0173    0.026   0.0638   0.0391     1.31   10^-1.18
  -> wrote E12-signgd-final.json
