
=== E4  learning-rate transfer across D, L, H ===
  SGD width D (alpha_A=1): UNDER-POWERED (optimum on grid edge)   drift 0.053 dec, lr* sem 0.027, threshold 0.076
    dial |  1.0e-03  2.3e-03  5.2e-03  1.2e-02  2.7e-02  6.1e-02  1.4e-01  3.2e-01   argmin
      32 |    0.446    0.441    0.429    0.403     0.35    0.156   0.0231   0.0169   10^-0.55
      64 |    0.473    0.469    0.461    0.442    0.403    0.258   0.0346   0.0234   10^-0.50
     128 |    0.459    0.455    0.448    0.427     0.38    0.184   0.0253   0.0187   10^-0.50
     256 |    0.454    0.451    0.442    0.423    0.372    0.153   0.0246   0.0192   10^-0.50
  SGD depth L (alpha_A=1): UNDER-POWERED (optimum on grid edge)   drift 0.000 dec, lr* sem 0.000, threshold 0.000
    dial |  1.0e-03  2.3e-03  5.2e-03  1.2e-02  2.7e-02  6.1e-02  1.4e-01  3.2e-01   argmin
       2 |    0.435    0.429    0.415    0.389    0.321   0.0876   0.0216   0.0162   10^-0.50
       3 |    0.473    0.469    0.461    0.442    0.403    0.258   0.0346   0.0234   10^-0.50
       4 |    0.449    0.446     0.44    0.425    0.387    0.192   0.0269   0.0209   10^-0.50
       6 |    0.459    0.457    0.452    0.441    0.417    0.322   0.0333   0.0229   10^-0.50
  SGD heads H (alpha_A=1): UNDER-POWERED (optimum on grid edge)   drift 0.000 dec, lr* sem 0.000, threshold 0.000
    dial |  1.0e-03  2.3e-03  5.2e-03  1.2e-02  2.7e-02  6.1e-02  1.4e-01  3.2e-01   argmin
       1 |    0.458    0.455    0.447    0.427     0.38    0.186   0.0258   0.0194   10^-0.50
       2 |    0.458    0.455    0.447    0.427     0.38    0.186   0.0255    0.019   10^-0.50
       4 |    0.459    0.455    0.448    0.427     0.38    0.184   0.0253   0.0187   10^-0.50
       8 |    0.459    0.456    0.448    0.428     0.38    0.186   0.0247   0.0182   10^-0.50
  signGD width D (alpha_A=1): TRANSFERS   drift 0.449 dec, lr* sem 0.223, threshold 0.632
    dial |  3.2e-03  7.2e-03  1.6e-02  3.7e-02  8.5e-02  1.9e-01  4.4e-01  1.0e+00   argmin
      32 |    0.359    0.215   0.0222   0.0196    0.036   0.0223   0.0271    0.262   10^-0.97
      64 |    0.403    0.285   0.0364   0.0273   0.0488   0.0361   0.0416    0.263   10^-1.09
     128 |    0.386    0.257   0.0281   0.0268   0.0424   0.0216   0.0255    0.122   10^-0.80
     256 |    0.378    0.245   0.0257    0.029   0.0337   0.0143   0.0204   0.0968   10^-0.64
  signGD depth L (alpha_A=1): TRANSFERS   drift 0.362 dec, lr* sem 0.220, threshold 0.623
    dial |  3.2e-03  7.2e-03  1.6e-02  3.7e-02  8.5e-02  1.9e-01  4.4e-01  1.0e+00   argmin
       2 |    0.343    0.198   0.0219   0.0173   0.0283   0.0133   0.0292     0.16   10^-0.86
       3 |    0.403    0.285   0.0364   0.0273   0.0488   0.0361   0.0416    0.263   10^-1.09
       4 |    0.381    0.257    0.028   0.0271   0.0335    0.015    0.042    0.096   10^-0.73
       6 |    0.404      0.3   0.0334   0.0274   0.0537   0.0616   0.0245   0.0962   10^-0.94
  signGD heads H (alpha_A=1): FAILS   drift 0.764 dec, lr* sem 0.163, threshold 0.460
    dial |  3.2e-03  7.2e-03  1.6e-02  3.7e-02  8.5e-02  1.9e-01  4.4e-01  1.0e+00   argmin
       1 |    0.386    0.258   0.0293   0.0281   0.0424   0.0226   0.0246    0.118   10^-0.56
       2 |    0.386    0.258   0.0289   0.0276   0.0434   0.0194   0.0224    0.113   10^-0.55
       4 |    0.386    0.257   0.0281   0.0268   0.0424   0.0216   0.0255    0.122   10^-0.80
       8 |    0.386    0.256   0.0264   0.0255   0.0379   0.0291   0.0295    0.109   10^-1.31
  CONTROL alpha_A=0, width D (SGD): UNDER-POWERED (optimum on grid edge)   drift 0.221 dec, lr* sem 0.048, threshold 0.136
    dial |  1.0e-03  2.3e-03  5.2e-03  1.2e-02  2.7e-02  6.1e-02  1.4e-01  3.2e-01   argmin
      32 |    0.445     0.44    0.429    0.404     0.33    0.127  0.00706  0.00365   10^-0.58
      64 |    0.471    0.466    0.454    0.429    0.377    0.162  0.00591  0.00394   10^-0.50
     128 |    0.461    0.457    0.445    0.417    0.354   0.0837  0.00159  0.00138   10^-0.60
     256 |    0.451    0.446    0.433    0.406     0.33   0.0367 0.000138 0.000358   10^-0.72
  derived  alpha_A=0.5, width D (SGD): UNDER-POWERED (optimum on grid edge)   drift 0.063 dec, lr* sem 0.032, threshold 0.089
    dial |  1.0e-03  2.3e-03  5.2e-03  1.2e-02  2.7e-02  6.1e-02  1.4e-01  3.2e-01   argmin
      32 |    0.448    0.443    0.432    0.405    0.348    0.147    0.019   0.0112   10^-0.56
      64 |    0.471    0.467    0.458    0.437    0.396    0.228   0.0279   0.0165   10^-0.50
     128 |     0.46    0.457    0.449    0.427    0.374    0.151   0.0163   0.0118   10^-0.50
     256 |    0.454     0.45    0.441    0.421    0.367    0.124   0.0129  0.00935   10^-0.50
  CONTROL qk-global alpha_A=0.5, width D (SGD): UNDER-POWERED (optimum on grid edge)   drift 0.245 dec, lr* sem 0.048, threshold 0.135
    dial |  1.0e-03  2.3e-03  5.2e-03  1.2e-02  2.7e-02  6.1e-02  1.4e-01  3.2e-01   argmin
      32 |    0.448    0.443    0.431    0.403    0.345    0.136   0.0146   0.0116   10^-0.62
      64 |    0.471    0.467    0.457    0.436    0.393    0.206   0.0166   0.0123   10^-0.50
     128 |     0.46    0.456    0.448    0.425    0.371    0.122  0.00839  0.00763   10^-0.61
     256 |    0.454     0.45    0.441     0.42    0.362   0.0768  0.00473  0.00902   10^-0.74
  CONTROL P=A unnormalised, width D (SGD): TRANSFERS   drift 0.053 dec, lr* sem 0.098, threshold 0.278
    dial |  1.0e-03  2.3e-03  5.2e-03  1.2e-02  2.7e-02  6.1e-02  1.4e-01  3.2e-01   argmin
      32 |   0.0722   0.0497    0.034      inf      inf      inf      inf      inf   10^-2.11
      64 |   0.0807   0.0399   0.0281    0.031      inf      inf      inf      inf   10^-2.15
     128 |   0.0793   0.0472   0.0361   0.0381      inf      inf      inf      inf   10^-2.10
     256 |   0.0562   0.0388   0.0315   0.0379      inf      inf      inf      inf   10^-2.12
  CONTROL no-D SGD rate, width D: UNDER-POWERED (optimum on grid edge)   drift 0.603 dec, lr* sem 0.029, threshold 0.082
    dial |  1.0e-01  2.3e-01  5.2e-01  1.2e+00  2.7e+00  6.1e+00  1.4e+01  3.2e+01   argmin
      32 |    0.437    0.422    0.387    0.307    0.057   0.0193    0.024   0.0758   10^0.90
      64 |    0.471    0.465    0.452    0.424    0.355   0.0588   0.0256   0.0243   10^1.34
     128 |    0.459    0.457    0.451    0.435    0.399    0.281   0.0319   0.0201   10^1.50
     256 |    0.456    0.455    0.451    0.444    0.427    0.384    0.211   0.0257   10^1.50
  -> wrote E4-transfer.json
