
=== E4 (v2)  learning-rate transfer across D, L, H ===
  SGD width D (alpha_A=1): SUSPECT (drift 0.08 dec is NOT settling: 0.08 over the largest three vs 0.03 over the smallest three)   drift 0.083 dec, lr* sem 0.020, threshold 0.056
    dial |  1.0e-02  2.2e-02  4.6e-02  1.0e-01  2.2e-01  4.6e-01  1.0e+00  2.2e+00  4.6e+00  1.0e+01   argmin
      32 |     0.41     0.37    0.254   0.0374   0.0183   0.0234   0.0545      inf      inf      inf   10^-0.59
      64 |    0.447    0.417    0.337   0.0517   0.0257   0.0307   0.0602      inf      inf      inf   10^-0.57
     128 |    0.433    0.397    0.289   0.0358   0.0211   0.0257    0.079      inf      inf      inf   10^-0.59
     256 |    0.428    0.392     0.27   0.0297   0.0217   0.0285    0.042      inf      inf      inf   10^-0.65
  SGD depth L (alpha_A=1): TRANSFERS   drift 0.103 dec, lr* sem 0.083, threshold 0.234
    dial |  1.0e-02  2.2e-02  4.6e-02  1.0e-01  2.2e-01  4.6e-01  1.0e+00  2.2e+00  4.6e+00  1.0e+01   argmin
       2 |    0.396    0.347    0.187   0.0287   0.0185   0.0257   0.0415      inf      inf      inf   10^-0.47
       3 |    0.447    0.417    0.337   0.0517   0.0257   0.0307   0.0602      inf      inf      inf   10^-0.57
       4 |    0.429    0.402    0.294   0.0418   0.0226   0.0238    0.121      inf      inf      inf   10^-0.54
       6 |    0.444    0.427    0.372   0.0973    0.023   0.0211   0.0699      inf      inf      inf   10^-0.46
  SGD heads H (alpha_A=1): TRANSFERS   drift 0.035 dec, lr* sem 0.024, threshold 0.067
    dial |  1.0e-02  2.2e-02  4.6e-02  1.0e-01  2.2e-01  4.6e-01  1.0e+00  2.2e+00  4.6e+00  1.0e+01   argmin
       1 |    0.433    0.397     0.29   0.0363   0.0217   0.0242   0.0527      inf      inf      inf   10^-0.56
       2 |    0.433    0.398     0.29   0.0361   0.0214    0.024   0.0506      inf      inf      inf   10^-0.56
       4 |    0.433    0.397    0.289   0.0358   0.0211   0.0257    0.079      inf      inf      inf   10^-0.59
       8 |    0.434    0.398    0.291   0.0352   0.0204   0.0262   0.0603      inf      inf      inf   10^-0.59
  signGD width D (alpha_A=1): UNDER-POWERED (optimum on grid edge)   drift 0.747 dec, lr* sem 0.167, threshold 0.472
    dial |  1.0e-03  2.0e-03  4.0e-03  7.9e-03  1.6e-02  3.2e-02  6.3e-02  1.3e-01  2.5e-01  5.0e-01   argmin
      32 |    0.389    0.314    0.141    0.014  0.00652  0.00686   0.0141   0.0231  0.00793   0.0194   10^-1.35
      64 |    0.418    0.357    0.177   0.0194   0.0112   0.0104   0.0134   0.0233  0.00545   0.0118   10^-0.74
     128 |    0.412    0.343    0.159   0.0178   0.0128   0.0122   0.0127   0.0122  0.00499   0.0145   10^-0.60
     256 |    0.392    0.317     0.12   0.0173   0.0135   0.0124   0.0168   0.0151  0.00448   0.0131   10^-0.76
  signGD depth L (alpha_A=1): UNDER-POWERED (optimum on grid edge)   drift 0.858 dec, lr* sem 0.184, threshold 0.521
    dial |  1.0e-03  2.0e-03  4.0e-03  7.9e-03  1.6e-02  3.2e-02  6.3e-02  1.3e-01  2.5e-01  5.0e-01   argmin
       2 |    0.374    0.292    0.103   0.0136  0.00479  0.00608   0.0107   0.0203   0.0067    0.012   10^-1.30
       3 |    0.418    0.357    0.177   0.0194   0.0112   0.0104   0.0134   0.0233  0.00545   0.0118   10^-0.74
       4 |    0.395    0.329    0.144    0.018   0.0119   0.0103   0.0168   0.0097  0.00786   0.0161   10^-0.95
       6 |     0.41    0.357    0.193    0.019   0.0129   0.0113   0.0136  0.00953  0.00762  0.00685   10^-0.44
  signGD heads H (alpha_A=1): TRANSFERS   drift 0.245 dec, lr* sem 0.090, threshold 0.254
    dial |  1.0e-03  2.0e-03  4.0e-03  7.9e-03  1.6e-02  3.2e-02  6.3e-02  1.3e-01  2.5e-01  5.0e-01   argmin
       1 |    0.412    0.344    0.159   0.0192   0.0159    0.016   0.0159   0.0129  0.00587   0.0226   10^-0.62
       2 |    0.412    0.344    0.159   0.0185   0.0147   0.0144   0.0136   0.0133  0.00722   0.0151   10^-0.85
       4 |    0.412    0.343    0.159   0.0178   0.0128   0.0122   0.0127   0.0122  0.00499   0.0145   10^-0.60
       8 |    0.411    0.342    0.156   0.0163   0.0102    0.009   0.0132   0.0113  0.00562   0.0133   10^-0.62
  CONTROL alpha_A=0, width D (SGD): SUSPECT (drift 0.06 dec is NOT settling: 0.06 over the largest three vs 0.03 over the smallest three)   drift 0.065 dec, lr* sem 0.015, threshold 0.041
    dial |  1.0e-02  2.2e-02  4.6e-02  1.0e-01  2.2e-01  4.6e-01  1.0e+00  2.2e+00  4.6e+00  1.0e+01   argmin
      32 |    0.411     0.36    0.213   0.0203  0.00136  0.00803  0.00957      inf      inf      inf   10^-0.64
      64 |    0.435    0.397    0.278   0.0192 0.000703  0.00653   0.0482      inf      inf      inf   10^-0.62
     128 |    0.425    0.378     0.22  0.00633 0.000192   0.0049      inf      inf      inf      inf   10^-0.65
     256 |    0.413     0.36    0.162  0.00173 1.22e-05  0.00494      inf      inf      inf      inf   10^-0.68
  derived  alpha_A=0.5, width D (SGD): TRANSFERS (residual drift resolved but < 0.30 dec)   drift 0.283 dec, lr* sem 0.059, threshold 0.167
    dial |  1.0e-02  2.2e-02  4.6e-02  1.0e-01  2.2e-01  4.6e-01  1.0e+00  2.2e+00  4.6e+00  1.0e+01   argmin
      32 |    0.413    0.368    0.245   0.0331   0.0118  0.00613   0.0348      inf      inf      inf   10^-0.30
      64 |    0.443    0.411     0.32   0.0477   0.0146    0.013   0.0512      inf      inf      inf   10^-0.44
     128 |    0.433    0.393    0.272    0.028  0.00835   0.0107    0.062      inf      inf      inf   10^-0.52
     256 |    0.427    0.388    0.254   0.0225  0.00501  0.00909      inf      inf      inf      inf   10^-0.58
  CONTROL qk-global alpha_A=0.5, width D (SGD): SUSPECT (drift 0.12 dec is NOT settling: 0.12 over the largest three vs 0.07 over the smallest three)   drift 0.122 dec, lr* sem 0.030, threshold 0.086
    dial |  1.0e-02  2.2e-02  4.6e-02  1.0e-01  2.2e-01  4.6e-01  1.0e+00  2.2e+00  4.6e+00  1.0e+01   argmin
      32 |    0.411    0.366    0.236   0.0281  0.00628   0.0101   0.0371      inf      inf      inf   10^-0.57
      64 |    0.441    0.409     0.31   0.0353  0.00576   0.0057   0.0167      inf      inf      inf   10^-0.51
     128 |    0.432    0.392    0.259   0.0192  0.00274  0.00392      inf      inf      inf      inf   10^-0.54
     256 |    0.425    0.385    0.227   0.0125  0.00101  0.00682      inf      inf      inf      inf   10^-0.63
  CONTROL P=A unnormalised, width D (SGD): TRANSFERS   drift 0.144 dec, lr* sem 0.081, threshold 0.229
    dial |  1.0e-04  2.2e-04  4.6e-04  1.0e-03  2.2e-03  4.6e-03  1.0e-02  2.2e-02  4.6e-02  1.0e-01   argmin
      32 |    0.511    0.308    0.165   0.0722   0.0507    0.038   0.0314      inf      inf      inf   10^-2.08
      64 |    0.462    0.332    0.181   0.0807   0.0412   0.0283   0.0263      inf      inf      inf   10^-2.08
     128 |    0.455    0.324     0.15   0.0793   0.0486   0.0371   0.0356      inf      inf      inf   10^-2.09
     256 |    0.224    0.142   0.0909   0.0562   0.0396    0.032   0.0328      inf      inf      inf   10^-2.22
  CONTROL no-D SGD rate, width D: FAILS   drift 0.940 dec, lr* sem 0.034, threshold 0.096
    dial |  3.2e-01  6.8e-01  1.5e+00  3.2e+00  6.8e+00  1.5e+01  3.2e+01  6.8e+01  1.5e+02  3.2e+02   argmin
      32 |    0.411     0.37    0.257   0.0383   0.0184   0.0183   0.0758      inf      inf      inf   10^0.97
      64 |    0.461    0.445    0.413    0.323   0.0462    0.025   0.0243   0.0416      inf      inf   10^1.32
     128 |    0.455    0.447    0.428    0.387    0.244   0.0299   0.0201   0.0229   0.0674      inf   10^1.58
     256 |    0.454    0.449    0.441    0.421    0.373    0.185   0.0257   0.0203   0.0227      inf   10^1.91
  -> wrote E4-transfer.json
