[10:52:48] B2 h=0    chi 0.00e+00 0.00e+00 0.00e+00 0.00e+00 0.00e+00 0.00e+00  beta +nan
[10:52:57] B2 h=8    chi 6.47e-03 6.56e-03 6.53e-03 6.38e-03 6.38e-03 6.41e-03  beta -0.0061
[10:53:30] B2 h=32   chi 7.66e-02 7.98e-02 7.77e-02 8.29e-02 9.07e-02 9.13e-02  beta +0.0549
[10:54:35] B2 h=64   chi 3.30e-01 3.36e-01 3.27e-01 3.28e-01 3.12e-01 3.46e-01  beta +0.0006
[10:56:45] B2 h=128  chi 1.79e-01 1.89e-01 2.09e-01 2.02e-01 2.04e-01 1.99e-01  beta +0.0300
[10:56:45] B2 PREDICTION: beta(8) ~ 0.00, beta(64) ~ 0.153  (from slope(h)+1/2)
[10:58:01] B1 h=1024  depth L                          4     lr* +0.637  [75s]
[11:00:20] B1 h=1024  depth L                          8     lr* +0.473  [139s]
[11:04:45] B1 h=1024  depth L                          16    lr* +0.218  [265s]
[11:22:20] B1 h=1024  depth L                          32    lr* +0.418  [1055s]
[12:14:25] B1 h=1024  depth L                          64    lr* +0.147  [3125s]
[12:14:25] B1 h=1024  depth L                          drift 0.490 head 0.419 tail 0.271
[12:16:33] B1 h=1024  active experts a (kappa fixed)   8     lr* +0.132  [128s]
[12:18:50] B1 h=1024  active experts a (kappa fixed)   16    lr* +0.473  [137s]
[12:21:08] B1 h=1024  active experts a (kappa fixed)   32    lr* +0.049  [137s]
[12:26:11] B1 h=1024  active experts a (kappa fixed)   64    lr* +0.299  [303s]
[12:33:35] B1 h=1024  active experts a (kappa fixed)   128   lr* +0.254  [445s]
[12:33:35] B1 h=1024  active experts a (kappa fixed)   drift 0.424 head 0.424 tail 0.250
[12:35:42] B1 h=1024  embedding D                      16    lr* +0.341  [127s]
[12:37:58] B1 h=1024  embedding D                      32    lr* +0.204  [137s]
[12:40:16] B1 h=1024  embedding D                      64    lr* +0.473  [137s]
[12:42:33] B1 h=1024  embedding D                      128   lr* +0.427  [137s]
[12:47:31] B1 h=1024  embedding D                      256   lr* +0.455  [298s]
[12:47:31] B1 h=1024  embedding D                      drift 0.269 head 0.269 tail 0.046
[12:49:58] B1 h=2048  depth L                          4     lr* +0.301  [147s]
[12:54:33] B1 h=2048  depth L                          8     lr* +0.343  [275s]
[13:03:27] B1 h=2048  depth L                          16    lr* +0.301  [534s]
[13:20:46] B1 h=2048  depth L                          32    lr* +0.262  [1038s]
[14:30:43] B1 h=2048  depth L                          64    lr* +0.153  [4197s]
[14:30:43] B1 h=2048  depth L                          drift 0.191 head 0.043 tail 0.148
[14:35:21] B1 h=2048  active experts a (kappa fixed)   8     lr* +0.175  [278s]
[14:39:52] B1 h=2048  active experts a (kappa fixed)   16    lr* +0.343  [271s]
[14:44:02] B1 h=2048  active experts a (kappa fixed)   32    lr* +0.306  [250s]
[14:49:08] B1 h=2048  active experts a (kappa fixed)   64    lr* +0.286  [306s]
[14:59:04] B1 h=2048  active experts a (kappa fixed)   128   lr* +0.143  [596s]
[14:59:04] B1 h=2048  active experts a (kappa fixed)   drift 0.200 head 0.168 tail 0.163
[15:03:17] B1 h=2048  embedding D                      16    lr* +0.473  [253s]
[15:07:31] B1 h=2048  embedding D                      32    lr* +0.361  [253s]
[15:12:02] B1 h=2048  embedding D                      64    lr* +0.343  [272s]
[15:16:33] B1 h=2048  embedding D                      128   lr* +0.419  [270s]
[15:21:28] B1 h=2048  embedding D                      256   lr* +0.755  [296s]
[15:21:28] B1 h=2048  embedding D                      drift 0.412 head 0.130 tail 0.412
[15:21:28] BOX2 DONE
