[10:17:53] T1 h=32   depth L                          4     lr* +0.245  [5s]
[10:18:07] T1 h=32   depth L                          8     lr* +0.258  [13s]
[10:18:53] T1 h=32   depth L                          16    lr* +0.258  [47s]
[10:21:37] T1 h=32   depth L                          32    lr* +0.283  [164s]
[10:32:28] T1 h=32   depth L                          64    lr* +0.283  [652s]
[11:19:11] T1 h=32   depth L                          128   lr* +0.291  [2803s]
[11:19:11] T1 h=32   depth L                          drift 0.046  head 0.013  tail 0.008
[11:19:18] T1 h=32   active experts a (kappa fixed)   8     lr* +0.269  [6s]
[11:19:31] T1 h=32   active experts a (kappa fixed)   16    lr* +0.258  [13s]
[11:19:58] T1 h=32   active experts a (kappa fixed)   32    lr* +0.253  [27s]
[11:20:48] T1 h=32   active experts a (kappa fixed)   64    lr* +0.272  [50s]
[11:22:36] T1 h=32   active experts a (kappa fixed)   128   lr* +0.288  [108s]
[11:26:44] T1 h=32   active experts a (kappa fixed)   256   lr* +0.290  [249s]
[11:26:44] T1 h=32   active experts a (kappa fixed)   drift 0.037  head 0.015  tail 0.018
[11:26:50] T1 h=32   expert width M                   16    lr* +0.280  [6s]
[11:26:56] T1 h=32   expert width M                   32    lr* +0.255  [6s]
[11:27:02] T1 h=32   expert width M                   64    lr* +0.285  [7s]
[11:27:16] T1 h=32   expert width M                   128   lr* +0.258  [13s]
[11:27:43] T1 h=32   expert width M                   256   lr* +0.253  [27s]
[11:28:31] T1 h=32   expert width M                   512   lr* +0.227  [48s]
[11:28:31] T1 h=32   expert width M                   drift 0.058  head 0.031  tail 0.030
[11:28:37] T1 h=32   embedding D                      16    lr* +0.249  [5s]
[11:28:43] T1 h=32   embedding D                      32    lr* +0.252  [7s]
[11:28:57] T1 h=32   embedding D                      64    lr* +0.258  [13s]
[11:29:23] T1 h=32   embedding D                      128   lr* +0.253  [27s]
[11:30:11] T1 h=32   embedding D                      256   lr* +0.253  [48s]
[11:31:51] T1 h=32   embedding D                      512   lr* +0.233  [100s]
[11:31:51] T1 h=32   embedding D                      drift 0.024  head 0.009  tail 0.020
[11:32:03] T1 h=128  depth L                          4     lr* +0.199  [12s]
[11:32:25] T1 h=128  depth L                          8     lr* +0.167  [23s]
[11:33:42] T1 h=128  depth L                          16    lr* +0.170  [76s]
[11:38:45] T1 h=128  depth L                          32    lr* +0.011  [303s]
[11:59:09] T1 h=128  depth L                          64    lr* -0.040  [1224s]
[13:22:30] T1 h=128  depth L                          128   lr* +0.027  [5000s]
[13:22:30] T1 h=128  depth L                          drift 0.239  head 0.033  tail 0.067
[13:22:48] T1 h=128  active experts a (kappa fixed)   8     lr* +0.190  [19s]
[13:23:11] T1 h=128  active experts a (kappa fixed)   16    lr* +0.167  [23s]
[13:23:57] T1 h=128  active experts a (kappa fixed)   32    lr* +0.055  [46s]
[13:25:33] T1 h=128  active experts a (kappa fixed)   64    lr* -0.093  [96s]
[13:28:49] T1 h=128  active experts a (kappa fixed)   128   lr* -0.057  [197s]
[13:36:05] T1 h=128  active experts a (kappa fixed)   256   lr* +0.019  [435s]
[13:36:05] T1 h=128  active experts a (kappa fixed)   drift 0.282  head 0.134  tail 0.112
[13:36:24] T1 h=128  expert width M                   16    lr* +0.056  [20s]
[13:36:44] T1 h=128  expert width M                   32    lr* +0.176  [20s]
[13:37:04] T1 h=128  expert width M                   64    lr* +0.224  [20s]
[13:37:27] T1 h=128  expert width M                   128   lr* +0.167  [23s]
[13:38:13] T1 h=128  expert width M                   256   lr* +0.130  [46s]
[13:39:46] T1 h=128  expert width M                   512   lr* +0.102  [94s]
[13:39:46] T1 h=128  expert width M                   drift 0.168  head 0.168  tail 0.064
[13:40:05] T1 h=128  embedding D                      16    lr* +0.208  [19s]
[13:40:24] T1 h=128  embedding D                      32    lr* +0.187  [19s]
[13:40:47] T1 h=128  embedding D                      64    lr* +0.167  [23s]
[13:41:30] T1 h=128  embedding D                      128   lr* +0.288  [44s]
[13:43:03] T1 h=128  embedding D                      256   lr* +0.217  [92s]
[13:46:07] T1 h=128  embedding D                      512   lr* +0.192  [184s]
[13:46:07] T1 h=128  embedding D                      drift 0.122  head 0.042  tail 0.097
[13:46:48] T1 h=512  depth L                          4     lr* +0.454  [41s]
[13:48:04] T1 h=512  depth L                          8     lr* +0.341  [76s]
[13:50:31] T1 h=512  depth L                          16    lr* +0.230  [147s]
[14:00:31] T1 h=512  depth L                          32    lr* +0.170  [600s]
[14:40:05] T1 h=512  depth L                          64    lr* -0.146  [2373s]
[17:25:17] T1 h=512  depth L                          128   lr* -0.254  [9913s]
[17:25:17] T1 h=512  depth L                          drift 0.708  head 0.224  tail 0.424
[17:26:33] T1 h=512  active experts a (kappa fixed)   8     lr* +0.314  [76s]
[17:27:49] T1 h=512  active experts a (kappa fixed)   16    lr* +0.341  [76s]
[17:29:18] T1 h=512  active experts a (kappa fixed)   32    lr* +0.198  [89s]
